mode: atomic
bitso-trading-platform/api-gateway/internal/api/aggregation_handlers.go:28.23,36.2 1 0
bitso-trading-platform/api-gateway/internal/api/aggregation_handlers.go:48.89,49.32 1 0
bitso-trading-platform/api-gateway/internal/api/aggregation_handlers.go:49.32,52.3 2 0
bitso-trading-platform/api-gateway/internal/api/aggregation_handlers.go:54.2,67.12 7 0
bitso-trading-platform/api-gateway/internal/api/aggregation_handlers.go:67.12,69.75 2 0
bitso-trading-platform/api-gateway/internal/api/aggregation_handlers.go:69.75,73.4 3 0
bitso-trading-platform/api-gateway/internal/api/aggregation_handlers.go:73.9,80.4 4 0
bitso-trading-platform/api-gateway/internal/api/aggregation_handlers.go:84.2,85.12 2 0
bitso-trading-platform/api-gateway/internal/api/aggregation_handlers.go:85.12,87.68 2 0
bitso-trading-platform/api-gateway/internal/api/aggregation_handlers.go:87.68,90.33 3 0
bitso-trading-platform/api-gateway/internal/api/aggregation_handlers.go:90.33,92.5 1 0
bitso-trading-platform/api-gateway/internal/api/aggregation_handlers.go:93.4,93.15 1 0
bitso-trading-platform/api-gateway/internal/api/aggregation_handlers.go:94.9,101.4 4 0
bitso-trading-platform/api-gateway/internal/api/aggregation_handlers.go:105.2,106.12 2 0
bitso-trading-platform/api-gateway/internal/api/aggregation_handlers.go:106.12,108.72 2 0
bitso-trading-platform/api-gateway/internal/api/aggregation_handlers.go:108.72,112.4 3 0
bitso-trading-platform/api-gateway/internal/api/aggregation_handlers.go:112.9,119.4 4 0
bitso-trading-platform/api-gateway/internal/api/aggregation_handlers.go:123.2,124.12 2 0
bitso-trading-platform/api-gateway/internal/api/aggregation_handlers.go:124.12,126.74 2 0
bitso-trading-platform/api-gateway/internal/api/aggregation_handlers.go:126.74,130.40 3 0
bitso-trading-platform/api-gateway/internal/api/aggregation_handlers.go:130.40,131.36 1 0
bitso-trading-platform/api-gateway/internal/api/aggregation_handlers.go:131.36,133.6 1 0
bitso-trading-platform/api-gateway/internal/api/aggregation_handlers.go:135.4,136.15 2 0
bitso-trading-platform/api-gateway/internal/api/aggregation_handlers.go:137.9,144.4 4 0
bitso-trading-platform/api-gateway/internal/api/aggregation_handlers.go:148.2,150.34 2 0
bitso-trading-platform/api-gateway/internal/api/aggregation_handlers.go:164.89,165.32 1 0
bitso-trading-platform/api-gateway/internal/api/aggregation_handlers.go:165.32,168.3 2 0
bitso-trading-platform/api-gateway/internal/api/aggregation_handlers.go:170.2,182.12 7 0
bitso-trading-platform/api-gateway/internal/api/aggregation_handlers.go:182.12,184.96 2 0
bitso-trading-platform/api-gateway/internal/api/aggregation_handlers.go:184.96,188.4 3 0
bitso-trading-platform/api-gateway/internal/api/aggregation_handlers.go:188.9,192.4 3 0
bitso-trading-platform/api-gateway/internal/api/aggregation_handlers.go:196.2,197.12 2 0
bitso-trading-platform/api-gateway/internal/api/aggregation_handlers.go:197.12,199.72 2 0
bitso-trading-platform/api-gateway/internal/api/aggregation_handlers.go:199.72,204.4 4 0
bitso-trading-platform/api-gateway/internal/api/aggregation_handlers.go:204.9,208.4 3 0
bitso-trading-platform/api-gateway/internal/api/aggregation_handlers.go:212.2,213.12 2 0
bitso-trading-platform/api-gateway/internal/api/aggregation_handlers.go:213.12,215.68 2 0
bitso-trading-platform/api-gateway/internal/api/aggregation_handlers.go:215.68,219.4 3 0
bitso-trading-platform/api-gateway/internal/api/aggregation_handlers.go:219.9,223.4 3 0
bitso-trading-platform/api-gateway/internal/api/aggregation_handlers.go:226.2,228.34 2 0
bitso-trading-platform/api-gateway/internal/api/aggregation_handlers.go:240.95,241.32 1 0
bitso-trading-platform/api-gateway/internal/api/aggregation_handlers.go:241.32,244.3 2 0
bitso-trading-platform/api-gateway/internal/api/aggregation_handlers.go:246.2,258.12 7 0
bitso-trading-platform/api-gateway/internal/api/aggregation_handlers.go:258.12,260.75 2 0
bitso-trading-platform/api-gateway/internal/api/aggregation_handlers.go:260.75,264.4 3 0
bitso-trading-platform/api-gateway/internal/api/aggregation_handlers.go:264.9,268.4 3 0
bitso-trading-platform/api-gateway/internal/api/aggregation_handlers.go:272.2,273.12 2 0
bitso-trading-platform/api-gateway/internal/api/aggregation_handlers.go:273.12,276.75 3 0
bitso-trading-platform/api-gateway/internal/api/aggregation_handlers.go:276.75,279.43 3 0
bitso-trading-platform/api-gateway/internal/api/aggregation_handlers.go:279.43,281.5 1 0
bitso-trading-platform/api-gateway/internal/api/aggregation_handlers.go:282.4,282.15 1 0
bitso-trading-platform/api-gateway/internal/api/aggregation_handlers.go:283.9,287.4 3 0
bitso-trading-platform/api-gateway/internal/api/aggregation_handlers.go:291.2,292.12 2 0
bitso-trading-platform/api-gateway/internal/api/aggregation_handlers.go:292.12,294.74 2 0
bitso-trading-platform/api-gateway/internal/api/aggregation_handlers.go:294.74,297.40 3 0
bitso-trading-platform/api-gateway/internal/api/aggregation_handlers.go:297.40,299.5 1 0
bitso-trading-platform/api-gateway/internal/api/aggregation_handlers.go:300.4,300.15 1 0
bitso-trading-platform/api-gateway/internal/api/aggregation_handlers.go:301.9,305.4 3 0
bitso-trading-platform/api-gateway/internal/api/aggregation_handlers.go:308.2,310.33 2 0
bitso-trading-platform/api-gateway/internal/api/aggregation_handlers.go:323.92,324.32 1 0
bitso-trading-platform/api-gateway/internal/api/aggregation_handlers.go:324.32,327.3 2 0
bitso-trading-platform/api-gateway/internal/api/aggregation_handlers.go:329.2,345.12 7 0
bitso-trading-platform/api-gateway/internal/api/aggregation_handlers.go:345.12,347.56 2 0
bitso-trading-platform/api-gateway/internal/api/aggregation_handlers.go:347.56,351.4 3 0
bitso-trading-platform/api-gateway/internal/api/aggregation_handlers.go:351.9,357.4 5 0
bitso-trading-platform/api-gateway/internal/api/aggregation_handlers.go:361.2,362.12 2 0
bitso-trading-platform/api-gateway/internal/api/aggregation_handlers.go:362.12,364.51 2 0
bitso-trading-platform/api-gateway/internal/api/aggregation_handlers.go:364.51,368.4 3 0
bitso-trading-platform/api-gateway/internal/api/aggregation_handlers.go:368.9,374.4 5 0
bitso-trading-platform/api-gateway/internal/api/aggregation_handlers.go:378.2,379.12 2 0
bitso-trading-platform/api-gateway/internal/api/aggregation_handlers.go:379.12,381.54 2 0
bitso-trading-platform/api-gateway/internal/api/aggregation_handlers.go:381.54,385.4 3 0
bitso-trading-platform/api-gateway/internal/api/aggregation_handlers.go:385.9,391.4 5 0
bitso-trading-platform/api-gateway/internal/api/aggregation_handlers.go:394.2,397.40 2 0
bitso-trading-platform/api-gateway/internal/api/aggregation_handlers.go:397.40,399.3 1 0
bitso-trading-platform/api-gateway/internal/api/aggregation_handlers.go:399.8,401.3 1 0
bitso-trading-platform/api-gateway/internal/api/handlers.go:35.12,46.2 1 0
bitso-trading-platform/api-gateway/internal/api/handlers.go:49.72,50.32 1 0
bitso-trading-platform/api-gateway/internal/api/handlers.go:50.32,53.3 2 0
bitso-trading-platform/api-gateway/internal/api/handlers.go:56.2,56.37 1 0
bitso-trading-platform/api-gateway/internal/api/handlers.go:60.74,61.32 1 0
bitso-trading-platform/api-gateway/internal/api/handlers.go:61.32,64.3 2 0
bitso-trading-platform/api-gateway/internal/api/handlers.go:67.2,71.4 1 0
bitso-trading-platform/api-gateway/internal/api/handlers.go:75.75,76.32 1 0
bitso-trading-platform/api-gateway/internal/api/handlers.go:76.32,79.3 2 0
bitso-trading-platform/api-gateway/internal/api/handlers.go:82.2,82.42 1 0
bitso-trading-platform/api-gateway/internal/api/handlers.go:86.72,87.32 1 0
bitso-trading-platform/api-gateway/internal/api/handlers.go:87.32,90.3 2 0
bitso-trading-platform/api-gateway/internal/api/handlers.go:92.2,100.31 2 0
bitso-trading-platform/api-gateway/internal/api/handlers.go:104.73,105.32 1 0
bitso-trading-platform/api-gateway/internal/api/handlers.go:105.32,108.3 2 0
bitso-trading-platform/api-gateway/internal/api/handlers.go:110.2,116.32 2 0
bitso-trading-platform/api-gateway/internal/api/handlers.go:120.74,127.2 2 0
bitso-trading-platform/api-gateway/internal/api/handlers.go:130.54,172.2 27 0
bitso-trading-platform/api-gateway/internal/api/handlers.go:175.77,179.54 2 0
bitso-trading-platform/api-gateway/internal/api/handlers.go:179.54,182.3 2 0
bitso-trading-platform/api-gateway/internal/api/handlers.go:185.2,185.37 1 0
bitso-trading-platform/api-gateway/internal/api/handlers.go:189.80,192.2 1 0
bitso-trading-platform/api-gateway/internal/api/handlers.go:195.80,199.53 2 0
bitso-trading-platform/api-gateway/internal/api/handlers.go:199.53,202.3 2 0
bitso-trading-platform/api-gateway/internal/api/handlers.go:205.2,205.52 1 0
bitso-trading-platform/api-gateway/internal/api/handlers.go:205.52,208.3 2 0
bitso-trading-platform/api-gateway/internal/api/handlers.go:211.2,211.54 1 0
bitso-trading-platform/api-gateway/internal/api/handlers.go:211.54,214.3 2 0
bitso-trading-platform/api-gateway/internal/api/handlers.go:217.2,217.43 1 0
bitso-trading-platform/api-gateway/internal/api/market_data_handlers.go:25.22,31.2 1 0
bitso-trading-platform/api-gateway/internal/api/market_data_handlers.go:34.85,35.32 1 0
bitso-trading-platform/api-gateway/internal/api/market_data_handlers.go:35.32,38.3 2 0
bitso-trading-platform/api-gateway/internal/api/market_data_handlers.go:41.2,42.16 2 0
bitso-trading-platform/api-gateway/internal/api/market_data_handlers.go:42.16,44.3 1 0
bitso-trading-platform/api-gateway/internal/api/market_data_handlers.go:46.2,48.20 3 0
bitso-trading-platform/api-gateway/internal/api/market_data_handlers.go:48.20,49.80 1 0
bitso-trading-platform/api-gateway/internal/api/market_data_handlers.go:49.80,51.20 2 0
bitso-trading-platform/api-gateway/internal/api/market_data_handlers.go:51.20,53.5 1 0
bitso-trading-platform/api-gateway/internal/api/market_data_handlers.go:57.2,64.16 3 0
bitso-trading-platform/api-gateway/internal/api/market_data_handlers.go:64.16,71.3 3 0
bitso-trading-platform/api-gateway/internal/api/market_data_handlers.go:73.2,73.31 1 0
bitso-trading-platform/api-gateway/internal/api/market_data_handlers.go:77.84,78.32 1 0
bitso-trading-platform/api-gateway/internal/api/market_data_handlers.go:78.32,81.3 2 0
bitso-trading-platform/api-gateway/internal/api/market_data_handlers.go:84.2,87.21 3 0
bitso-trading-platform/api-gateway/internal/api/market_data_handlers.go:87.21,90.3 2 0
bitso-trading-platform/api-gateway/internal/api/market_data_handlers.go:92.2,96.16 4 0
bitso-trading-platform/api-gateway/internal/api/market_data_handlers.go:96.16,99.3 2 0
bitso-trading-platform/api-gateway/internal/api/market_data_handlers.go:101.2,108.16 3 0
bitso-trading-platform/api-gateway/internal/api/market_data_handlers.go:108.16,116.3 3 0
bitso-trading-platform/api-gateway/internal/api/market_data_handlers.go:118.2,118.30 1 0
bitso-trading-platform/api-gateway/internal/api/market_data_handlers.go:122.89,123.32 1 0
bitso-trading-platform/api-gateway/internal/api/market_data_handlers.go:123.32,126.3 2 0
bitso-trading-platform/api-gateway/internal/api/market_data_handlers.go:129.2,130.16 2 0
bitso-trading-platform/api-gateway/internal/api/market_data_handlers.go:130.16,132.3 1 0
bitso-trading-platform/api-gateway/internal/api/market_data_handlers.go:134.2,140.16 3 0
bitso-trading-platform/api-gateway/internal/api/market_data_handlers.go:140.16,147.3 3 0
bitso-trading-platform/api-gateway/internal/api/market_data_handlers.go:149.2,149.30 1 0
bitso-trading-platform/api-gateway/internal/api/market_data_handlers.go:153.88,154.32 1 0
bitso-trading-platform/api-gateway/internal/api/market_data_handlers.go:154.32,157.3 2 0
bitso-trading-platform/api-gateway/internal/api/market_data_handlers.go:160.2,161.16 2 0
bitso-trading-platform/api-gateway/internal/api/market_data_handlers.go:161.16,163.3 1 0
bitso-trading-platform/api-gateway/internal/api/market_data_handlers.go:165.2,171.16 3 0
bitso-trading-platform/api-gateway/internal/api/market_data_handlers.go:171.16,178.3 3 0
bitso-trading-platform/api-gateway/internal/api/market_data_handlers.go:180.2,180.34 1 0
bitso-trading-platform/api-gateway/internal/api/market_data_handlers.go:184.85,185.32 1 0
bitso-trading-platform/api-gateway/internal/api/market_data_handlers.go:185.32,188.3 2 0
bitso-trading-platform/api-gateway/internal/api/market_data_handlers.go:191.2,192.16 2 0
bitso-trading-platform/api-gateway/internal/api/market_data_handlers.go:192.16,194.3 1 0
bitso-trading-platform/api-gateway/internal/api/market_data_handlers.go:196.2,202.16 3 0
bitso-trading-platform/api-gateway/internal/api/market_data_handlers.go:202.16,209.3 3 0
bitso-trading-platform/api-gateway/internal/api/market_data_handlers.go:211.2,211.31 1 0
bitso-trading-platform/api-gateway/internal/api/market_data_handlers.go:215.92,216.32 1 0
bitso-trading-platform/api-gateway/internal/api/market_data_handlers.go:216.32,219.3 2 0
bitso-trading-platform/api-gateway/internal/api/market_data_handlers.go:221.2,225.16 3 0
bitso-trading-platform/api-gateway/internal/api/market_data_handlers.go:225.16,231.3 3 0
bitso-trading-platform/api-gateway/internal/api/market_data_handlers.go:233.2,233.32 1 0
bitso-trading-platform/api-gateway/internal/api/order_handlers.go:26.17,32.2 1 0
bitso-trading-platform/api-gateway/internal/api/order_handlers.go:35.81,36.32 1 0
bitso-trading-platform/api-gateway/internal/api/order_handlers.go:36.32,39.3 2 0
bitso-trading-platform/api-gateway/internal/api/order_handlers.go:42.2,50.16 4 0
bitso-trading-platform/api-gateway/internal/api/order_handlers.go:50.16,56.3 3 0
bitso-trading-platform/api-gateway/internal/api/order_handlers.go:58.2,58.34 1 0
bitso-trading-platform/api-gateway/internal/api/order_handlers.go:62.79,63.32 1 0
bitso-trading-platform/api-gateway/internal/api/order_handlers.go:63.32,66.3 2 0
bitso-trading-platform/api-gateway/internal/api/order_handlers.go:69.2,70.19 2 0
bitso-trading-platform/api-gateway/internal/api/order_handlers.go:70.19,73.3 2 0
bitso-trading-platform/api-gateway/internal/api/order_handlers.go:75.2,81.16 3 0
bitso-trading-platform/api-gateway/internal/api/order_handlers.go:81.16,88.3 3 0
bitso-trading-platform/api-gateway/internal/api/order_handlers.go:90.2,90.30 1 0
bitso-trading-platform/api-gateway/internal/api/order_handlers.go:94.82,95.33 1 0
bitso-trading-platform/api-gateway/internal/api/order_handlers.go:95.33,98.3 2 0
bitso-trading-platform/api-gateway/internal/api/order_handlers.go:101.2,104.38 3 0
bitso-trading-platform/api-gateway/internal/api/order_handlers.go:104.38,107.3 2 0
bitso-trading-platform/api-gateway/internal/api/order_handlers.go:109.2,115.16 3 0
bitso-trading-platform/api-gateway/internal/api/order_handlers.go:115.16,122.3 3 0
bitso-trading-platform/api-gateway/internal/api/order_handlers.go:124.2,127.4 1 0
bitso-trading-platform/api-gateway/internal/api/order_handlers.go:131.86,132.32 1 0
bitso-trading-platform/api-gateway/internal/api/order_handlers.go:132.32,135.3 2 0
bitso-trading-platform/api-gateway/internal/api/order_handlers.go:137.2,141.16 3 0
bitso-trading-platform/api-gateway/internal/api/order_handlers.go:141.16,147.3 3 0
bitso-trading-platform/api-gateway/internal/api/order_handlers.go:149.2,152.4 1 0
bitso-trading-platform/api-gateway/internal/api/order_handlers.go:156.86,157.32 1 0
bitso-trading-platform/api-gateway/internal/api/order_handlers.go:157.32,160.3 2 0
bitso-trading-platform/api-gateway/internal/api/order_handlers.go:163.2,171.16 4 0
bitso-trading-platform/api-gateway/internal/api/order_handlers.go:171.16,177.3 3 0
bitso-trading-platform/api-gateway/internal/api/order_handlers.go:179.2,182.4 1 0
bitso-trading-platform/api-gateway/internal/api/order_handlers.go:186.84,187.32 1 0
bitso-trading-platform/api-gateway/internal/api/order_handlers.go:187.32,190.3 2 0
bitso-trading-platform/api-gateway/internal/api/order_handlers.go:193.2,201.16 4 0
bitso-trading-platform/api-gateway/internal/api/order_handlers.go:201.16,207.3 3 0
bitso-trading-platform/api-gateway/internal/api/order_handlers.go:209.2,212.4 1 0
bitso-trading-platform/api-gateway/internal/api/order_handlers.go:216.82,217.32 1 0
bitso-trading-platform/api-gateway/internal/api/order_handlers.go:217.32,220.3 2 0
bitso-trading-platform/api-gateway/internal/api/order_handlers.go:223.2,224.16 2 0
bitso-trading-platform/api-gateway/internal/api/order_handlers.go:224.16,227.3 2 0
bitso-trading-platform/api-gateway/internal/api/order_handlers.go:229.2,235.16 3 0
bitso-trading-platform/api-gateway/internal/api/order_handlers.go:235.16,242.3 3 0
bitso-trading-platform/api-gateway/internal/api/order_handlers.go:244.2,244.33 1 0
bitso-trading-platform/api-gateway/internal/api/order_handlers.go:248.89,249.32 1 0
bitso-trading-platform/api-gateway/internal/api/order_handlers.go:249.32,252.3 2 0
bitso-trading-platform/api-gateway/internal/api/order_handlers.go:254.2,258.16 3 0
bitso-trading-platform/api-gateway/internal/api/order_handlers.go:258.16,264.3 3 0
bitso-trading-platform/api-gateway/internal/api/order_handlers.go:266.2,266.32 1 0
bitso-trading-platform/api-gateway/internal/api/order_handlers.go:270.80,283.52 3 0
bitso-trading-platform/api-gateway/internal/api/order_handlers.go:283.52,284.68 1 0
bitso-trading-platform/api-gateway/internal/api/order_handlers.go:284.68,286.4 1 0
bitso-trading-platform/api-gateway/internal/api/order_handlers.go:290.2,290.55 1 0
bitso-trading-platform/api-gateway/internal/api/order_handlers.go:290.55,291.72 1 0
bitso-trading-platform/api-gateway/internal/api/order_handlers.go:291.72,293.4 1 0
bitso-trading-platform/api-gateway/internal/api/order_handlers.go:297.2,297.49 1 0
bitso-trading-platform/api-gateway/internal/api/order_handlers.go:297.49,298.65 1 0
bitso-trading-platform/api-gateway/internal/api/order_handlers.go:298.65,300.4 1 0
bitso-trading-platform/api-gateway/internal/api/order_handlers.go:303.2,303.43 1 0
bitso-trading-platform/api-gateway/internal/api/order_handlers.go:303.43,304.61 1 0
bitso-trading-platform/api-gateway/internal/api/order_handlers.go:304.61,306.4 1 0
bitso-trading-platform/api-gateway/internal/api/order_handlers.go:309.2,309.16 1 0
bitso-trading-platform/api-gateway/internal/api/order_handlers.go:313.86,322.52 3 0
bitso-trading-platform/api-gateway/internal/api/order_handlers.go:322.52,323.68 1 0
bitso-trading-platform/api-gateway/internal/api/order_handlers.go:323.68,325.4 1 0
bitso-trading-platform/api-gateway/internal/api/order_handlers.go:329.2,329.55 1 0
bitso-trading-platform/api-gateway/internal/api/order_handlers.go:329.55,330.72 1 0
bitso-trading-platform/api-gateway/internal/api/order_handlers.go:330.72,332.4 1 0
bitso-trading-platform/api-gateway/internal/api/order_handlers.go:335.2,335.16 1 0
bitso-trading-platform/api-gateway/internal/api/response.go:34.80,46.2 2 0
bitso-trading-platform/api-gateway/internal/api/response.go:49.106,61.2 2 0
bitso-trading-platform/api-gateway/internal/api/response.go:64.98,79.2 2 0
bitso-trading-platform/api-gateway/internal/api/response.go:82.141,98.2 2 0
bitso-trading-platform/api-gateway/internal/api/response.go:101.79,103.16 2 0
bitso-trading-platform/api-gateway/internal/api/response.go:103.16,107.3 1 0
bitso-trading-platform/api-gateway/internal/api/response.go:109.2,109.80 1 0
bitso-trading-platform/api-gateway/internal/api/response.go:113.81,115.2 1 0
bitso-trading-platform/api-gateway/internal/api/response.go:118.79,120.2 1 0
bitso-trading-platform/api-gateway/internal/api/response.go:123.67,125.2 1 0
bitso-trading-platform/api-gateway/internal/api/response.go:128.80,130.2 1 0
bitso-trading-platform/api-gateway/internal/api/response.go:133.89,135.19 2 0
bitso-trading-platform/api-gateway/internal/api/response.go:135.19,137.3 1 0
bitso-trading-platform/api-gateway/internal/api/response.go:138.2,138.84 1 0
bitso-trading-platform/api-gateway/internal/api/response.go:142.69,144.2 1 0
bitso-trading-platform/api-gateway/internal/api/response.go:147.70,150.2 2 0
bitso-trading-platform/api-gateway/internal/api/response.go:153.71,155.2 1 0
bitso-trading-platform/api-gateway/internal/api/response.go:158.81,162.17 3 0
bitso-trading-platform/api-gateway/internal/api/response.go:162.17,163.57 1 0
bitso-trading-platform/api-gateway/internal/api/response.go:163.57,167.4 1 0
bitso-trading-platform/api-gateway/internal/api/response.go:172.89,173.16 1 0
bitso-trading-platform/api-gateway/internal/api/response.go:173.16,177.3 2 0
bitso-trading-platform/api-gateway/internal/api/response.go:179.2,179.29 1 0
bitso-trading-platform/api-gateway/internal/api/strategy_handlers.go:26.20,32.2 1 0
bitso-trading-platform/api-gateway/internal/api/strategy_handlers.go:35.83,36.32 1 0
bitso-trading-platform/api-gateway/internal/api/strategy_handlers.go:36.32,39.3 2 0
bitso-trading-platform/api-gateway/internal/api/strategy_handlers.go:41.2,45.16 3 0
bitso-trading-platform/api-gateway/internal/api/strategy_handlers.go:45.16,51.3 3 0
bitso-trading-platform/api-gateway/internal/api/strategy_handlers.go:53.2,53.31 1 0
bitso-trading-platform/api-gateway/internal/api/strategy_handlers.go:57.88,58.32 1 0
bitso-trading-platform/api-gateway/internal/api/strategy_handlers.go:58.32,61.3 2 0
bitso-trading-platform/api-gateway/internal/api/strategy_handlers.go:63.2,67.16 3 0
bitso-trading-platform/api-gateway/internal/api/strategy_handlers.go:67.16,73.3 3 0
bitso-trading-platform/api-gateway/internal/api/strategy_handlers.go:75.2,75.35 1 0
bitso-trading-platform/api-gateway/internal/api/strategy_handlers.go:79.85,80.32 1 0
bitso-trading-platform/api-gateway/internal/api/strategy_handlers.go:80.32,83.3 2 0
bitso-trading-platform/api-gateway/internal/api/strategy_handlers.go:86.2,87.16 2 0
bitso-trading-platform/api-gateway/internal/api/strategy_handlers.go:87.16,90.3 2 0
bitso-trading-platform/api-gateway/internal/api/strategy_handlers.go:92.2,98.16 3 0
bitso-trading-platform/api-gateway/internal/api/strategy_handlers.go:98.16,105.3 3 0
bitso-trading-platform/api-gateway/internal/api/strategy_handlers.go:107.2,107.33 1 0
bitso-trading-platform/api-gateway/internal/api/strategy_handlers.go:111.87,112.33 1 0
bitso-trading-platform/api-gateway/internal/api/strategy_handlers.go:112.33,115.3 2 0
bitso-trading-platform/api-gateway/internal/api/strategy_handlers.go:118.2,121.32 3 0
bitso-trading-platform/api-gateway/internal/api/strategy_handlers.go:121.32,124.3 2 0
bitso-trading-platform/api-gateway/internal/api/strategy_handlers.go:126.2,132.16 3 0
bitso-trading-platform/api-gateway/internal/api/strategy_handlers.go:132.16,139.3 3 0
bitso-trading-platform/api-gateway/internal/api/strategy_handlers.go:141.2,144.4 1 0
bitso-trading-platform/api-gateway/internal/api/strategy_handlers.go:148.86,149.33 1 0
bitso-trading-platform/api-gateway/internal/api/strategy_handlers.go:149.33,152.3 2 0
bitso-trading-platform/api-gateway/internal/api/strategy_handlers.go:155.2,158.32 3 0
bitso-trading-platform/api-gateway/internal/api/strategy_handlers.go:158.32,161.3 2 0
bitso-trading-platform/api-gateway/internal/api/strategy_handlers.go:163.2,169.16 3 0
bitso-trading-platform/api-gateway/internal/api/strategy_handlers.go:169.16,176.3 3 0
bitso-trading-platform/api-gateway/internal/api/strategy_handlers.go:178.2,181.4 1 0
bitso-trading-platform/api-gateway/internal/api/strategy_handlers.go:185.94,186.32 1 0
bitso-trading-platform/api-gateway/internal/api/strategy_handlers.go:186.32,189.3 2 0
bitso-trading-platform/api-gateway/internal/api/strategy_handlers.go:192.2,195.32 3 0
bitso-trading-platform/api-gateway/internal/api/strategy_handlers.go:195.32,198.3 2 0
bitso-trading-platform/api-gateway/internal/api/strategy_handlers.go:201.2,202.16 2 0
bitso-trading-platform/api-gateway/internal/api/strategy_handlers.go:202.16,205.3 2 0
bitso-trading-platform/api-gateway/internal/api/strategy_handlers.go:206.2,209.60 3 0
bitso-trading-platform/api-gateway/internal/api/strategy_handlers.go:209.60,212.3 2 0
bitso-trading-platform/api-gateway/internal/api/strategy_handlers.go:215.2,216.9 2 0
bitso-trading-platform/api-gateway/internal/api/strategy_handlers.go:216.9,219.3 2 0
bitso-trading-platform/api-gateway/internal/api/strategy_handlers.go:221.2,227.16 3 0
bitso-trading-platform/api-gateway/internal/api/strategy_handlers.go:227.16,234.3 3 0
bitso-trading-platform/api-gateway/internal/api/strategy_handlers.go:236.2,239.4 1 0
bitso-trading-platform/api-gateway/internal/logger/logger.go:27.31,39.37 5 0
bitso-trading-platform/api-gateway/internal/logger/logger.go:40.16,41.21 1 0
bitso-trading-platform/api-gateway/internal/logger/logger.go:42.16,43.21 1 0
bitso-trading-platform/api-gateway/internal/logger/logger.go:44.10,45.21 1 0
bitso-trading-platform/api-gateway/internal/logger/logger.go:49.2,50.46 2 0
bitso-trading-platform/api-gateway/internal/logger/logger.go:50.46,58.3 2 0
bitso-trading-platform/api-gateway/internal/logger/logger.go:58.8,61.3 1 0
bitso-trading-platform/api-gateway/internal/logger/logger.go:63.2,67.3 1 0
bitso-trading-platform/api-gateway/internal/logger/logger.go:71.67,75.2 3 0
bitso-trading-platform/api-gateway/internal/logger/logger.go:78.66,82.2 3 0
bitso-trading-platform/api-gateway/internal/logger/logger.go:85.66,89.2 3 0
bitso-trading-platform/api-gateway/internal/logger/logger.go:92.67,96.2 3 0
bitso-trading-platform/api-gateway/internal/logger/logger.go:99.67,103.2 3 0
bitso-trading-platform/api-gateway/internal/logger/logger.go:106.67,110.2 3 0
bitso-trading-platform/api-gateway/internal/logger/logger.go:113.68,115.33 2 0
bitso-trading-platform/api-gateway/internal/logger/logger.go:115.33,117.3 1 0
bitso-trading-platform/api-gateway/internal/logger/logger.go:118.2,124.3 2 0
bitso-trading-platform/api-gateway/internal/logger/logger.go:128.58,132.2 1 0
bitso-trading-platform/api-gateway/internal/logger/logger.go:135.58,139.2 1 0
bitso-trading-platform/api-gateway/internal/logger/logger.go:142.62,146.2 1 0
bitso-trading-platform/api-gateway/internal/logger/logger.go:149.81,150.19 1 0
bitso-trading-platform/api-gateway/internal/logger/logger.go:150.19,152.3 1 0
bitso-trading-platform/api-gateway/internal/logger/logger.go:154.2,154.33 1 0
bitso-trading-platform/api-gateway/internal/logger/logger.go:154.33,155.28 1 0
bitso-trading-platform/api-gateway/internal/logger/logger.go:156.15,157.21 1 0
bitso-trading-platform/api-gateway/internal/logger/logger.go:158.12,159.21 1 0
bitso-trading-platform/api-gateway/internal/logger/logger.go:160.14,161.23 1 0
bitso-trading-platform/api-gateway/internal/logger/logger.go:162.16,163.25 1 0
bitso-trading-platform/api-gateway/internal/logger/logger.go:164.13,165.22 1 0
bitso-trading-platform/api-gateway/internal/logger/logger.go:166.14,167.16 1 0
bitso-trading-platform/api-gateway/internal/logger/logger.go:168.22,169.21 1 0
bitso-trading-platform/api-gateway/internal/logger/logger.go:170.18,171.22 1 0
bitso-trading-platform/api-gateway/internal/logger/logger.go:172.11,173.27 1 0
bitso-trading-platform/api-gateway/internal/logger/logger.go:179.45,180.32 1 0
bitso-trading-platform/api-gateway/internal/logger/logger.go:181.15,182.28 1 0
bitso-trading-platform/api-gateway/internal/logger/logger.go:183.15,184.28 1 0
bitso-trading-platform/api-gateway/internal/logger/logger.go:185.14,186.27 1 0
bitso-trading-platform/api-gateway/internal/logger/logger.go:187.25,188.27 1 0
bitso-trading-platform/api-gateway/internal/logger/logger.go:189.15,190.28 1 0
bitso-trading-platform/api-gateway/internal/logger/logger.go:191.15,192.28 1 0
bitso-trading-platform/api-gateway/internal/logger/logger.go:193.15,194.28 1 0
bitso-trading-platform/api-gateway/internal/logger/logger.go:195.10,196.27 1 0
bitso-trading-platform/api-gateway/internal/logger/logger.go:201.36,203.2 1 0
bitso-trading-platform/api-gateway/internal/logger/logger.go:206.41,209.2 2 0
bitso-trading-platform/api-gateway/internal/logger/logger.go:212.40,214.2 1 0
bitso-trading-platform/api-gateway/internal/logger/logger.go:217.40,219.2 1 0
bitso-trading-platform/api-gateway/internal/client/client_factory.go:26.125,27.16 1 0
bitso-trading-platform/api-gateway/internal/client/client_factory.go:27.16,29.3 1 0
bitso-trading-platform/api-gateway/internal/client/client_factory.go:30.2,30.19 1 0
bitso-trading-platform/api-gateway/internal/client/client_factory.go:30.19,32.3 1 0
bitso-trading-platform/api-gateway/internal/client/client_factory.go:33.2,33.20 1 0
bitso-trading-platform/api-gateway/internal/client/client_factory.go:33.20,35.3 1 0
bitso-trading-platform/api-gateway/internal/client/client_factory.go:38.2,48.52 3 0
bitso-trading-platform/api-gateway/internal/client/client_factory.go:48.52,50.3 1 0
bitso-trading-platform/api-gateway/internal/client/client_factory.go:52.2,52.21 1 0
bitso-trading-platform/api-gateway/internal/client/client_factory.go:56.51,61.16 3 0
bitso-trading-platform/api-gateway/internal/client/client_factory.go:61.16,63.3 1 0
bitso-trading-platform/api-gateway/internal/client/client_factory.go:64.2,70.16 3 0
bitso-trading-platform/api-gateway/internal/client/client_factory.go:70.16,72.3 1 0
bitso-trading-platform/api-gateway/internal/client/client_factory.go:73.2,79.16 3 0
bitso-trading-platform/api-gateway/internal/client/client_factory.go:79.16,81.3 1 0
bitso-trading-platform/api-gateway/internal/client/client_factory.go:82.2,86.12 2 0
bitso-trading-platform/api-gateway/internal/client/client_factory.go:90.61,92.2 1 0
bitso-trading-platform/api-gateway/internal/client/client_factory.go:95.71,97.2 1 0
bitso-trading-platform/api-gateway/internal/client/client_factory.go:100.73,102.2 1 0
bitso-trading-platform/api-gateway/internal/client/client_factory.go:105.76,119.2 2 0
bitso-trading-platform/api-gateway/internal/client/client_factory.go:122.86,136.2 2 0
bitso-trading-platform/api-gateway/internal/client/client_factory.go:139.88,153.2 2 0
bitso-trading-platform/api-gateway/internal/client/client_factory.go:156.62,168.2 1 0
bitso-trading-platform/api-gateway/internal/client/client_factory.go:171.39,175.58 2 0
bitso-trading-platform/api-gateway/internal/client/client_factory.go:175.58,176.68 1 0
bitso-trading-platform/api-gateway/internal/client/client_factory.go:176.68,178.4 1 0
bitso-trading-platform/api-gateway/internal/client/client_factory.go:181.2,181.12 1 0
bitso-trading-platform/api-gateway/internal/client/market_data_client.go:80.129,81.16 1 0
bitso-trading-platform/api-gateway/internal/client/market_data_client.go:81.16,83.3 1 0
bitso-trading-platform/api-gateway/internal/client/market_data_client.go:84.2,84.19 1 0
bitso-trading-platform/api-gateway/internal/client/market_data_client.go:84.19,86.3 1 0
bitso-trading-platform/api-gateway/internal/client/market_data_client.go:87.2,87.20 1 0
bitso-trading-platform/api-gateway/internal/client/market_data_client.go:87.20,89.3 1 0
bitso-trading-platform/api-gateway/internal/client/market_data_client.go:91.2,109.8 2 0
bitso-trading-platform/api-gateway/internal/client/market_data_client.go:113.119,115.15 2 0
bitso-trading-platform/api-gateway/internal/client/market_data_client.go:115.15,117.3 1 0
bitso-trading-platform/api-gateway/internal/client/market_data_client.go:120.2,124.76 3 0
bitso-trading-platform/api-gateway/internal/client/market_data_client.go:124.76,127.3 2 0
bitso-trading-platform/api-gateway/internal/client/market_data_client.go:129.2,134.20 2 0
bitso-trading-platform/api-gateway/internal/client/market_data_client.go:138.115,140.15 2 0
bitso-trading-platform/api-gateway/internal/client/market_data_client.go:140.15,142.3 1 0
bitso-trading-platform/api-gateway/internal/client/market_data_client.go:144.2,147.75 3 0
bitso-trading-platform/api-gateway/internal/client/market_data_client.go:147.75,150.3 2 0
bitso-trading-platform/api-gateway/internal/client/market_data_client.go:152.2,152.20 1 0
bitso-trading-platform/api-gateway/internal/client/market_data_client.go:156.97,158.15 2 0
bitso-trading-platform/api-gateway/internal/client/market_data_client.go:158.15,160.3 1 0
bitso-trading-platform/api-gateway/internal/client/market_data_client.go:162.2,165.75 3 0
bitso-trading-platform/api-gateway/internal/client/market_data_client.go:165.75,168.3 2 0
bitso-trading-platform/api-gateway/internal/client/market_data_client.go:170.2,170.20 1 0
bitso-trading-platform/api-gateway/internal/client/market_data_client.go:174.101,176.15 2 0
bitso-trading-platform/api-gateway/internal/client/market_data_client.go:176.15,178.3 1 0
bitso-trading-platform/api-gateway/internal/client/market_data_client.go:180.2,183.79 3 0
bitso-trading-platform/api-gateway/internal/client/market_data_client.go:183.79,186.3 2 0
bitso-trading-platform/api-gateway/internal/client/market_data_client.go:188.2,188.24 1 0
bitso-trading-platform/api-gateway/internal/client/market_data_client.go:192.95,194.15 2 0
bitso-trading-platform/api-gateway/internal/client/market_data_client.go:194.15,196.3 1 0
bitso-trading-platform/api-gateway/internal/client/market_data_client.go:198.2,201.76 3 0
bitso-trading-platform/api-gateway/internal/client/market_data_client.go:201.76,204.3 2 0
bitso-trading-platform/api-gateway/internal/client/market_data_client.go:206.2,206.21 1 0
bitso-trading-platform/api-gateway/internal/client/market_data_client.go:210.90,212.15 2 0
bitso-trading-platform/api-gateway/internal/client/market_data_client.go:212.15,214.3 1 0
bitso-trading-platform/api-gateway/internal/client/market_data_client.go:216.2,219.77 3 0
bitso-trading-platform/api-gateway/internal/client/market_data_client.go:219.77,222.3 2 0
bitso-trading-platform/api-gateway/internal/client/market_data_client.go:224.2,224.22 1 0
bitso-trading-platform/api-gateway/internal/client/market_data_client.go:228.62,230.15 2 0
bitso-trading-platform/api-gateway/internal/client/market_data_client.go:230.15,232.3 1 0
bitso-trading-platform/api-gateway/internal/client/market_data_client.go:234.2,237.76 3 0
bitso-trading-platform/api-gateway/internal/client/market_data_client.go:237.76,240.3 2 0
bitso-trading-platform/api-gateway/internal/client/market_data_client.go:242.2,242.32 1 0
bitso-trading-platform/api-gateway/internal/client/market_data_client.go:242.32,244.3 1 0
bitso-trading-platform/api-gateway/internal/client/market_data_client.go:246.2,246.12 1 0
bitso-trading-platform/api-gateway/internal/client/market_data_client.go:250.121,253.62 2 0
bitso-trading-platform/api-gateway/internal/client/market_data_client.go:253.62,254.18 1 0
bitso-trading-platform/api-gateway/internal/client/market_data_client.go:254.18,256.11 1 0
bitso-trading-platform/api-gateway/internal/client/market_data_client.go:257.68,257.68 0 0
bitso-trading-platform/api-gateway/internal/client/market_data_client.go:258.22,259.21 1 0
bitso-trading-platform/api-gateway/internal/client/market_data_client.go:262.4,265.6 1 0
bitso-trading-platform/api-gateway/internal/client/market_data_client.go:269.3,270.17 2 0
bitso-trading-platform/api-gateway/internal/client/market_data_client.go:270.17,272.4 1 0
bitso-trading-platform/api-gateway/internal/client/market_data_client.go:274.3,279.17 4 0
bitso-trading-platform/api-gateway/internal/client/market_data_client.go:279.17,281.37 2 0
bitso-trading-platform/api-gateway/internal/client/market_data_client.go:281.37,282.13 1 0
bitso-trading-platform/api-gateway/internal/client/market_data_client.go:284.4,284.18 1 0
bitso-trading-platform/api-gateway/internal/client/market_data_client.go:288.3,290.17 3 0
bitso-trading-platform/api-gateway/internal/client/market_data_client.go:290.17,292.37 2 0
bitso-trading-platform/api-gateway/internal/client/market_data_client.go:292.37,293.13 1 0
bitso-trading-platform/api-gateway/internal/client/market_data_client.go:295.4,295.18 1 0
bitso-trading-platform/api-gateway/internal/client/market_data_client.go:299.3,299.54 1 0
bitso-trading-platform/api-gateway/internal/client/market_data_client.go:299.54,302.85 2 0
bitso-trading-platform/api-gateway/internal/client/market_data_client.go:302.85,309.5 1 0
bitso-trading-platform/api-gateway/internal/client/market_data_client.go:309.10,311.5 1 0
bitso-trading-platform/api-gateway/internal/client/market_data_client.go:314.4,314.102 1 0
bitso-trading-platform/api-gateway/internal/client/market_data_client.go:314.102,315.13 1 0
bitso-trading-platform/api-gateway/internal/client/market_data_client.go:317.4,317.18 1 0
bitso-trading-platform/api-gateway/internal/client/market_data_client.go:321.3,321.20 1 0
bitso-trading-platform/api-gateway/internal/client/market_data_client.go:321.20,324.84 2 0
bitso-trading-platform/api-gateway/internal/client/market_data_client.go:324.84,326.64 1 0
bitso-trading-platform/api-gateway/internal/client/market_data_client.go:326.64,328.6 1 0
bitso-trading-platform/api-gateway/internal/client/market_data_client.go:329.10,331.60 1 0
bitso-trading-platform/api-gateway/internal/client/market_data_client.go:331.60,333.6 1 0
bitso-trading-platform/api-gateway/internal/client/market_data_client.go:337.3,337.13 1 0
bitso-trading-platform/api-gateway/internal/client/market_data_client.go:340.2,340.16 1 0
bitso-trading-platform/api-gateway/internal/client/market_data_client.go:344.57,345.22 1 0
bitso-trading-platform/api-gateway/internal/client/market_data_client.go:345.22,347.3 1 0
bitso-trading-platform/api-gateway/internal/client/market_data_client.go:349.2,351.33 3 0
bitso-trading-platform/api-gateway/internal/client/market_data_client.go:351.33,352.13 1 0
bitso-trading-platform/api-gateway/internal/client/market_data_client.go:352.13,354.4 1 0
bitso-trading-platform/api-gateway/internal/client/market_data_client.go:355.3,356.16 2 0
bitso-trading-platform/api-gateway/internal/client/market_data_client.go:358.2,358.14 1 0
bitso-trading-platform/api-gateway/internal/client/market_data_client.go:362.32,364.2 1 0
bitso-trading-platform/api-gateway/internal/client/order_management_client.go:119.139,120.16 1 0
bitso-trading-platform/api-gateway/internal/client/order_management_client.go:120.16,122.3 1 0
bitso-trading-platform/api-gateway/internal/client/order_management_client.go:123.2,123.19 1 0
bitso-trading-platform/api-gateway/internal/client/order_management_client.go:123.19,125.3 1 0
bitso-trading-platform/api-gateway/internal/client/order_management_client.go:126.2,126.20 1 0
bitso-trading-platform/api-gateway/internal/client/order_management_client.go:126.20,128.3 1 0
bitso-trading-platform/api-gateway/internal/client/order_management_client.go:130.2,148.8 2 0
bitso-trading-platform/api-gateway/internal/client/order_management_client.go:152.108,154.15 2 0
bitso-trading-platform/api-gateway/internal/client/order_management_client.go:154.15,156.3 1 0
bitso-trading-platform/api-gateway/internal/client/order_management_client.go:158.2,161.79 3 0
bitso-trading-platform/api-gateway/internal/client/order_management_client.go:161.79,164.3 2 0
bitso-trading-platform/api-gateway/internal/client/order_management_client.go:166.2,166.24 1 0
bitso-trading-platform/api-gateway/internal/client/order_management_client.go:170.95,172.15 2 0
bitso-trading-platform/api-gateway/internal/client/order_management_client.go:172.15,174.3 1 0
bitso-trading-platform/api-gateway/internal/client/order_management_client.go:176.2,179.75 3 0
bitso-trading-platform/api-gateway/internal/client/order_management_client.go:179.75,182.3 2 0
bitso-trading-platform/api-gateway/internal/client/order_management_client.go:184.2,184.20 1 0
bitso-trading-platform/api-gateway/internal/client/order_management_client.go:188.88,190.15 2 0
bitso-trading-platform/api-gateway/internal/client/order_management_client.go:190.15,192.3 1 0
bitso-trading-platform/api-gateway/internal/client/order_management_client.go:194.2,196.73 2 0
bitso-trading-platform/api-gateway/internal/client/order_management_client.go:196.73,199.3 2 0
bitso-trading-platform/api-gateway/internal/client/order_management_client.go:201.2,205.12 2 0
bitso-trading-platform/api-gateway/internal/client/order_management_client.go:209.88,211.15 2 0
bitso-trading-platform/api-gateway/internal/client/order_management_client.go:211.15,213.3 1 0
bitso-trading-platform/api-gateway/internal/client/order_management_client.go:215.2,218.79 3 0
bitso-trading-platform/api-gateway/internal/client/order_management_client.go:218.79,221.3 2 0
bitso-trading-platform/api-gateway/internal/client/order_management_client.go:223.2,223.30 1 0
bitso-trading-platform/api-gateway/internal/client/order_management_client.go:227.111,229.15 2 0
bitso-trading-platform/api-gateway/internal/client/order_management_client.go:229.15,231.3 1 0
bitso-trading-platform/api-gateway/internal/client/order_management_client.go:233.2,236.79 3 0
bitso-trading-platform/api-gateway/internal/client/order_management_client.go:236.79,239.3 2 0
bitso-trading-platform/api-gateway/internal/client/order_management_client.go:241.2,241.30 1 0
bitso-trading-platform/api-gateway/internal/client/order_management_client.go:245.115,247.15 2 0
bitso-trading-platform/api-gateway/internal/client/order_management_client.go:247.15,249.3 1 0
bitso-trading-platform/api-gateway/internal/client/order_management_client.go:251.2,254.79 3 0
bitso-trading-platform/api-gateway/internal/client/order_management_client.go:254.79,257.3 2 0
bitso-trading-platform/api-gateway/internal/client/order_management_client.go:259.2,259.23 1 0
bitso-trading-platform/api-gateway/internal/client/order_management_client.go:263.98,265.15 2 0
bitso-trading-platform/api-gateway/internal/client/order_management_client.go:265.15,267.3 1 0
bitso-trading-platform/api-gateway/internal/client/order_management_client.go:269.2,272.78 3 0
bitso-trading-platform/api-gateway/internal/client/order_management_client.go:272.78,275.3 2 0
bitso-trading-platform/api-gateway/internal/client/order_management_client.go:277.2,277.23 1 0
bitso-trading-platform/api-gateway/internal/client/order_management_client.go:281.99,283.15 2 0
bitso-trading-platform/api-gateway/internal/client/order_management_client.go:283.15,285.3 1 0
bitso-trading-platform/api-gateway/internal/client/order_management_client.go:287.2,290.77 3 0
bitso-trading-platform/api-gateway/internal/client/order_management_client.go:290.77,293.3 2 0
bitso-trading-platform/api-gateway/internal/client/order_management_client.go:295.2,295.22 1 0
bitso-trading-platform/api-gateway/internal/client/order_management_client.go:299.67,301.15 2 0
bitso-trading-platform/api-gateway/internal/client/order_management_client.go:301.15,303.3 1 0
bitso-trading-platform/api-gateway/internal/client/order_management_client.go:305.2,308.76 3 0
bitso-trading-platform/api-gateway/internal/client/order_management_client.go:308.76,311.3 2 0
bitso-trading-platform/api-gateway/internal/client/order_management_client.go:313.2,313.32 1 0
bitso-trading-platform/api-gateway/internal/client/order_management_client.go:313.32,315.3 1 0
bitso-trading-platform/api-gateway/internal/client/order_management_client.go:317.2,317.12 1 0
bitso-trading-platform/api-gateway/internal/client/order_management_client.go:321.126,324.62 2 0
bitso-trading-platform/api-gateway/internal/client/order_management_client.go:324.62,325.18 1 0
bitso-trading-platform/api-gateway/internal/client/order_management_client.go:325.18,327.11 1 0
bitso-trading-platform/api-gateway/internal/client/order_management_client.go:328.68,328.68 0 0
bitso-trading-platform/api-gateway/internal/client/order_management_client.go:329.22,330.21 1 0
bitso-trading-platform/api-gateway/internal/client/order_management_client.go:333.4,336.6 1 0
bitso-trading-platform/api-gateway/internal/client/order_management_client.go:340.3,341.17 2 0
bitso-trading-platform/api-gateway/internal/client/order_management_client.go:341.17,343.4 1 0
bitso-trading-platform/api-gateway/internal/client/order_management_client.go:345.3,350.17 4 0
bitso-trading-platform/api-gateway/internal/client/order_management_client.go:350.17,352.37 2 0
bitso-trading-platform/api-gateway/internal/client/order_management_client.go:352.37,353.13 1 0
bitso-trading-platform/api-gateway/internal/client/order_management_client.go:355.4,355.18 1 0
bitso-trading-platform/api-gateway/internal/client/order_management_client.go:359.3,361.17 3 0
bitso-trading-platform/api-gateway/internal/client/order_management_client.go:361.17,363.37 2 0
bitso-trading-platform/api-gateway/internal/client/order_management_client.go:363.37,364.13 1 0
bitso-trading-platform/api-gateway/internal/client/order_management_client.go:366.4,366.18 1 0
bitso-trading-platform/api-gateway/internal/client/order_management_client.go:370.3,370.54 1 0
bitso-trading-platform/api-gateway/internal/client/order_management_client.go:370.54,373.85 2 0
bitso-trading-platform/api-gateway/internal/client/order_management_client.go:373.85,380.5 1 0
bitso-trading-platform/api-gateway/internal/client/order_management_client.go:380.10,382.5 1 0
bitso-trading-platform/api-gateway/internal/client/order_management_client.go:385.4,385.102 1 0
bitso-trading-platform/api-gateway/internal/client/order_management_client.go:385.102,386.13 1 0
bitso-trading-platform/api-gateway/internal/client/order_management_client.go:388.4,388.18 1 0
bitso-trading-platform/api-gateway/internal/client/order_management_client.go:392.3,392.20 1 0
bitso-trading-platform/api-gateway/internal/client/order_management_client.go:392.20,395.84 2 0
bitso-trading-platform/api-gateway/internal/client/order_management_client.go:395.84,397.64 1 0
bitso-trading-platform/api-gateway/internal/client/order_management_client.go:397.64,399.6 1 0
bitso-trading-platform/api-gateway/internal/client/order_management_client.go:400.10,402.60 1 0
bitso-trading-platform/api-gateway/internal/client/order_management_client.go:402.60,404.6 1 0
bitso-trading-platform/api-gateway/internal/client/order_management_client.go:408.3,408.13 1 0
bitso-trading-platform/api-gateway/internal/client/order_management_client.go:411.2,411.16 1 0
bitso-trading-platform/api-gateway/internal/client/order_management_client.go:415.58,416.20 1 0
bitso-trading-platform/api-gateway/internal/client/order_management_client.go:416.20,418.3 1 0
bitso-trading-platform/api-gateway/internal/client/order_management_client.go:420.2,422.24 2 0
bitso-trading-platform/api-gateway/internal/client/order_management_client.go:422.24,424.3 1 0
bitso-trading-platform/api-gateway/internal/client/order_management_client.go:425.2,425.26 1 0
bitso-trading-platform/api-gateway/internal/client/order_management_client.go:425.26,427.3 1 0
bitso-trading-platform/api-gateway/internal/client/order_management_client.go:428.2,428.28 1 0
bitso-trading-platform/api-gateway/internal/client/order_management_client.go:428.28,430.3 1 0
bitso-trading-platform/api-gateway/internal/client/order_management_client.go:431.2,431.24 1 0
bitso-trading-platform/api-gateway/internal/client/order_management_client.go:431.24,433.3 1 0
bitso-trading-platform/api-gateway/internal/client/order_management_client.go:434.2,434.25 1 0
bitso-trading-platform/api-gateway/internal/client/order_management_client.go:434.25,436.3 1 0
bitso-trading-platform/api-gateway/internal/client/order_management_client.go:437.2,437.23 1 0
bitso-trading-platform/api-gateway/internal/client/order_management_client.go:437.23,439.3 1 0
bitso-trading-platform/api-gateway/internal/client/order_management_client.go:440.2,440.23 1 0
bitso-trading-platform/api-gateway/internal/client/order_management_client.go:440.23,442.3 1 0
bitso-trading-platform/api-gateway/internal/client/order_management_client.go:443.2,443.24 1 0
bitso-trading-platform/api-gateway/internal/client/order_management_client.go:443.24,445.3 1 0
bitso-trading-platform/api-gateway/internal/client/order_management_client.go:446.2,446.26 1 0
bitso-trading-platform/api-gateway/internal/client/order_management_client.go:446.26,448.3 1 0
bitso-trading-platform/api-gateway/internal/client/order_management_client.go:449.2,449.29 1 0
bitso-trading-platform/api-gateway/internal/client/order_management_client.go:449.29,451.3 1 0
bitso-trading-platform/api-gateway/internal/client/order_management_client.go:453.2,453.22 1 0
bitso-trading-platform/api-gateway/internal/client/order_management_client.go:453.22,455.3 1 0
bitso-trading-platform/api-gateway/internal/client/order_management_client.go:457.2,457.40 1 0
bitso-trading-platform/api-gateway/internal/client/order_management_client.go:461.64,462.20 1 0
bitso-trading-platform/api-gateway/internal/client/order_management_client.go:462.20,464.3 1 0
bitso-trading-platform/api-gateway/internal/client/order_management_client.go:466.2,468.24 2 0
bitso-trading-platform/api-gateway/internal/client/order_management_client.go:468.24,470.3 1 0
bitso-trading-platform/api-gateway/internal/client/order_management_client.go:471.2,471.26 1 0
bitso-trading-platform/api-gateway/internal/client/order_management_client.go:471.26,473.3 1 0
bitso-trading-platform/api-gateway/internal/client/order_management_client.go:474.2,474.23 1 0
bitso-trading-platform/api-gateway/internal/client/order_management_client.go:474.23,476.3 1 0
bitso-trading-platform/api-gateway/internal/client/order_management_client.go:477.2,477.24 1 0
bitso-trading-platform/api-gateway/internal/client/order_management_client.go:477.24,479.3 1 0
bitso-trading-platform/api-gateway/internal/client/order_management_client.go:481.2,481.22 1 0
bitso-trading-platform/api-gateway/internal/client/order_management_client.go:481.22,483.3 1 0
bitso-trading-platform/api-gateway/internal/client/order_management_client.go:485.2,485.40 1 0
bitso-trading-platform/api-gateway/internal/client/strategy_executor_client.go:69.141,70.16 1 0
bitso-trading-platform/api-gateway/internal/client/strategy_executor_client.go:70.16,72.3 1 0
bitso-trading-platform/api-gateway/internal/client/strategy_executor_client.go:73.2,73.19 1 0
bitso-trading-platform/api-gateway/internal/client/strategy_executor_client.go:73.19,75.3 1 0
bitso-trading-platform/api-gateway/internal/client/strategy_executor_client.go:76.2,76.20 1 0
bitso-trading-platform/api-gateway/internal/client/strategy_executor_client.go:76.20,78.3 1 0
bitso-trading-platform/api-gateway/internal/client/strategy_executor_client.go:80.2,98.8 2 0
bitso-trading-platform/api-gateway/internal/client/strategy_executor_client.go:102.89,104.15 2 0
bitso-trading-platform/api-gateway/internal/client/strategy_executor_client.go:104.15,106.3 1 0
bitso-trading-platform/api-gateway/internal/client/strategy_executor_client.go:108.2,111.76 3 0
bitso-trading-platform/api-gateway/internal/client/strategy_executor_client.go:111.76,114.3 2 0
bitso-trading-platform/api-gateway/internal/client/strategy_executor_client.go:116.2,116.21 1 0
bitso-trading-platform/api-gateway/internal/client/strategy_executor_client.go:120.91,122.15 2 0
bitso-trading-platform/api-gateway/internal/client/strategy_executor_client.go:122.15,124.3 1 0
bitso-trading-platform/api-gateway/internal/client/strategy_executor_client.go:126.2,129.80 3 0
bitso-trading-platform/api-gateway/internal/client/strategy_executor_client.go:129.80,132.3 2 0
bitso-trading-platform/api-gateway/internal/client/strategy_executor_client.go:134.2,138.24 2 0
bitso-trading-platform/api-gateway/internal/client/strategy_executor_client.go:142.99,144.15 2 0
bitso-trading-platform/api-gateway/internal/client/strategy_executor_client.go:144.15,146.3 1 0
bitso-trading-platform/api-gateway/internal/client/strategy_executor_client.go:148.2,151.78 3 0
bitso-trading-platform/api-gateway/internal/client/strategy_executor_client.go:151.78,154.3 2 0
bitso-trading-platform/api-gateway/internal/client/strategy_executor_client.go:156.2,156.23 1 0
bitso-trading-platform/api-gateway/internal/client/strategy_executor_client.go:160.88,162.15 2 0
bitso-trading-platform/api-gateway/internal/client/strategy_executor_client.go:162.15,164.3 1 0
bitso-trading-platform/api-gateway/internal/client/strategy_executor_client.go:166.2,168.73 2 0
bitso-trading-platform/api-gateway/internal/client/strategy_executor_client.go:168.73,171.3 2 0
bitso-trading-platform/api-gateway/internal/client/strategy_executor_client.go:173.2,177.12 2 0
bitso-trading-platform/api-gateway/internal/client/strategy_executor_client.go:181.87,183.15 2 0
bitso-trading-platform/api-gateway/internal/client/strategy_executor_client.go:183.15,185.3 1 0
bitso-trading-platform/api-gateway/internal/client/strategy_executor_client.go:187.2,189.73 2 0
bitso-trading-platform/api-gateway/internal/client/strategy_executor_client.go:189.73,192.3 2 0
bitso-trading-platform/api-gateway/internal/client/strategy_executor_client.go:194.2,198.12 2 0
bitso-trading-platform/api-gateway/internal/client/strategy_executor_client.go:202.126,204.15 2 0
bitso-trading-platform/api-gateway/internal/client/strategy_executor_client.go:204.15,206.3 1 0
bitso-trading-platform/api-gateway/internal/client/strategy_executor_client.go:208.2,216.16 4 0
bitso-trading-platform/api-gateway/internal/client/strategy_executor_client.go:216.16,218.3 1 0
bitso-trading-platform/api-gateway/internal/client/strategy_executor_client.go:220.2,220.94 1 0
bitso-trading-platform/api-gateway/internal/client/strategy_executor_client.go:220.94,223.3 2 0
bitso-trading-platform/api-gateway/internal/client/strategy_executor_client.go:225.2,229.12 2 0
bitso-trading-platform/api-gateway/internal/client/strategy_executor_client.go:233.68,235.15 2 0
bitso-trading-platform/api-gateway/internal/client/strategy_executor_client.go:235.15,237.3 1 0
bitso-trading-platform/api-gateway/internal/client/strategy_executor_client.go:239.2,242.76 3 0
bitso-trading-platform/api-gateway/internal/client/strategy_executor_client.go:242.76,245.3 2 0
bitso-trading-platform/api-gateway/internal/client/strategy_executor_client.go:247.2,247.32 1 0
bitso-trading-platform/api-gateway/internal/client/strategy_executor_client.go:247.32,249.3 1 0
bitso-trading-platform/api-gateway/internal/client/strategy_executor_client.go:251.2,251.12 1 0
bitso-trading-platform/api-gateway/internal/client/strategy_executor_client.go:255.127,258.62 2 0
bitso-trading-platform/api-gateway/internal/client/strategy_executor_client.go:258.62,259.18 1 0
bitso-trading-platform/api-gateway/internal/client/strategy_executor_client.go:259.18,261.11 1 0
bitso-trading-platform/api-gateway/internal/client/strategy_executor_client.go:262.68,262.68 0 0
bitso-trading-platform/api-gateway/internal/client/strategy_executor_client.go:263.22,264.21 1 0
bitso-trading-platform/api-gateway/internal/client/strategy_executor_client.go:267.4,270.6 1 0
bitso-trading-platform/api-gateway/internal/client/strategy_executor_client.go:274.3,275.17 2 0
bitso-trading-platform/api-gateway/internal/client/strategy_executor_client.go:275.17,277.4 1 0
bitso-trading-platform/api-gateway/internal/client/strategy_executor_client.go:279.3,284.17 4 0
bitso-trading-platform/api-gateway/internal/client/strategy_executor_client.go:284.17,286.37 2 0
bitso-trading-platform/api-gateway/internal/client/strategy_executor_client.go:286.37,287.13 1 0
bitso-trading-platform/api-gateway/internal/client/strategy_executor_client.go:289.4,289.18 1 0
bitso-trading-platform/api-gateway/internal/client/strategy_executor_client.go:293.3,295.17 3 0
bitso-trading-platform/api-gateway/internal/client/strategy_executor_client.go:295.17,297.37 2 0
bitso-trading-platform/api-gateway/internal/client/strategy_executor_client.go:297.37,298.13 1 0
bitso-trading-platform/api-gateway/internal/client/strategy_executor_client.go:300.4,300.18 1 0
bitso-trading-platform/api-gateway/internal/client/strategy_executor_client.go:304.3,304.54 1 0
bitso-trading-platform/api-gateway/internal/client/strategy_executor_client.go:304.54,307.85 2 0
bitso-trading-platform/api-gateway/internal/client/strategy_executor_client.go:307.85,314.5 1 0
bitso-trading-platform/api-gateway/internal/client/strategy_executor_client.go:314.10,316.5 1 0
bitso-trading-platform/api-gateway/internal/client/strategy_executor_client.go:319.4,319.102 1 0
bitso-trading-platform/api-gateway/internal/client/strategy_executor_client.go:319.102,320.13 1 0
bitso-trading-platform/api-gateway/internal/client/strategy_executor_client.go:322.4,322.18 1 0
bitso-trading-platform/api-gateway/internal/client/strategy_executor_client.go:326.3,326.20 1 0
bitso-trading-platform/api-gateway/internal/client/strategy_executor_client.go:326.20,329.84 2 0
bitso-trading-platform/api-gateway/internal/client/strategy_executor_client.go:329.84,331.64 1 0
bitso-trading-platform/api-gateway/internal/client/strategy_executor_client.go:331.64,333.6 1 0
bitso-trading-platform/api-gateway/internal/client/strategy_executor_client.go:334.10,336.60 1 0
bitso-trading-platform/api-gateway/internal/client/strategy_executor_client.go:336.60,338.6 1 0
bitso-trading-platform/api-gateway/internal/client/strategy_executor_client.go:342.3,342.13 1 0
bitso-trading-platform/api-gateway/internal/client/strategy_executor_client.go:345.2,345.16 1 0
bitso-trading-platform/api-gateway/internal/client/types.go:54.35,55.18 1 0
bitso-trading-platform/api-gateway/internal/client/types.go:55.18,57.3 1 0
bitso-trading-platform/api-gateway/internal/client/types.go:58.2,58.91 1 0
bitso-trading-platform/api-gateway/internal/client/types.go:62.35,64.2 1 0
bitso-trading-platform/api-gateway/internal/client/types.go:67.39,70.2 1 0
bitso-trading-platform/api-gateway/internal/client/types.go:73.77,80.2 1 0
bitso-trading-platform/api-gateway/internal/metrics/prometheus.go:43.64,206.2 3 0
bitso-trading-platform/api-gateway/internal/metrics/prometheus.go:211.100,214.2 2 0
bitso-trading-platform/api-gateway/internal/metrics/prometheus.go:217.72,218.15 1 0
bitso-trading-platform/api-gateway/internal/metrics/prometheus.go:218.15,220.3 1 0
bitso-trading-platform/api-gateway/internal/metrics/prometheus.go:220.8,222.3 1 0
bitso-trading-platform/api-gateway/internal/metrics/prometheus.go:226.84,228.2 1 0
bitso-trading-platform/api-gateway/internal/metrics/prometheus.go:231.85,233.2 1 0
bitso-trading-platform/api-gateway/internal/metrics/prometheus.go:238.105,241.2 2 0
bitso-trading-platform/api-gateway/internal/metrics/prometheus.go:244.85,246.2 1 0
bitso-trading-platform/api-gateway/internal/metrics/prometheus.go:252.78,254.15 2 0
bitso-trading-platform/api-gateway/internal/metrics/prometheus.go:255.16,256.17 1 0
bitso-trading-platform/api-gateway/internal/metrics/prometheus.go:257.14,258.17 1 0
bitso-trading-platform/api-gateway/internal/metrics/prometheus.go:259.19,260.17 1 0
bitso-trading-platform/api-gateway/internal/metrics/prometheus.go:261.10,262.18 1 0
bitso-trading-platform/api-gateway/internal/metrics/prometheus.go:264.2,264.65 1 0
bitso-trading-platform/api-gateway/internal/metrics/prometheus.go:268.86,270.2 1 0
bitso-trading-platform/api-gateway/internal/metrics/prometheus.go:275.71,277.2 1 0
bitso-trading-platform/api-gateway/internal/metrics/prometheus.go:280.63,282.2 1 0
bitso-trading-platform/api-gateway/internal/metrics/prometheus.go:287.71,289.2 1 0
bitso-trading-platform/api-gateway/internal/metrics/prometheus.go:292.63,295.13 3 0
bitso-trading-platform/api-gateway/internal/metrics/prometheus.go:295.13,298.3 2 0
bitso-trading-platform/api-gateway/internal/metrics/prometheus.go:299.2,299.53 1 0
bitso-trading-platform/api-gateway/internal/metrics/prometheus.go:303.79,307.6 3 0
bitso-trading-platform/api-gateway/internal/metrics/prometheus.go:307.6,308.10 1 0
bitso-trading-platform/api-gateway/internal/metrics/prometheus.go:309.19,310.29 1 0
bitso-trading-platform/api-gateway/internal/metrics/prometheus.go:311.21,312.10 1 0
bitso-trading-platform/api-gateway/internal/metrics/prometheus.go:318.52,326.2 4 0
bitso-trading-platform/api-gateway/internal/metrics/prometheus.go:329.52,331.2 1 0
bitso-trading-platform/api-gateway/internal/middleware/auth.go:26.83,33.2 1 0
bitso-trading-platform/api-gateway/internal/middleware/auth.go:36.66,37.71 1 0
bitso-trading-platform/api-gateway/internal/middleware/auth.go:37.71,39.17 1 0
bitso-trading-platform/api-gateway/internal/middleware/auth.go:39.17,42.4 2 0
bitso-trading-platform/api-gateway/internal/middleware/auth.go:45.3,45.36 1 0
bitso-trading-platform/api-gateway/internal/middleware/auth.go:45.36,48.4 2 0
bitso-trading-platform/api-gateway/internal/middleware/auth.go:51.3,52.19 2 0
bitso-trading-platform/api-gateway/internal/middleware/auth.go:52.19,53.32 1 0
bitso-trading-platform/api-gateway/internal/middleware/auth.go:53.32,57.5 2 0
bitso-trading-platform/api-gateway/internal/middleware/auth.go:61.3,62.23 2 0
bitso-trading-platform/api-gateway/internal/middleware/auth.go:62.23,64.19 2 0
bitso-trading-platform/api-gateway/internal/middleware/auth.go:64.19,65.29 1 0
bitso-trading-platform/api-gateway/internal/middleware/auth.go:65.29,69.6 2 0
bitso-trading-platform/api-gateway/internal/middleware/auth.go:74.3,84.91 5 0
bitso-trading-platform/api-gateway/internal/middleware/auth.go:90.61,97.2 2 0
bitso-trading-platform/api-gateway/internal/middleware/auth.go:101.57,108.2 2 0
bitso-trading-platform/api-gateway/internal/middleware/auth.go:111.51,113.62 2 0
bitso-trading-platform/api-gateway/internal/middleware/auth.go:113.62,115.3 1 0
bitso-trading-platform/api-gateway/internal/middleware/auth.go:116.2,116.11 1 0
bitso-trading-platform/api-gateway/internal/middleware/auth.go:120.42,128.41 2 0
bitso-trading-platform/api-gateway/internal/middleware/auth.go:128.41,129.25 1 0
bitso-trading-platform/api-gateway/internal/middleware/auth.go:129.25,131.4 1 0
bitso-trading-platform/api-gateway/internal/middleware/auth.go:134.2,134.14 1 0
bitso-trading-platform/api-gateway/internal/middleware/circuit_breaker.go:58.29,65.2 1 0
bitso-trading-platform/api-gateway/internal/middleware/circuit_breaker.go:68.76,69.71 1 0
bitso-trading-platform/api-gateway/internal/middleware/circuit_breaker.go:69.71,72.20 2 0
bitso-trading-platform/api-gateway/internal/middleware/circuit_breaker.go:72.20,76.4 2 0
bitso-trading-platform/api-gateway/internal/middleware/circuit_breaker.go:79.3,82.30 2 0
bitso-trading-platform/api-gateway/internal/middleware/circuit_breaker.go:82.30,95.4 6 0
bitso-trading-platform/api-gateway/internal/middleware/circuit_breaker.go:98.3,107.32 3 0
bitso-trading-platform/api-gateway/internal/middleware/circuit_breaker.go:107.32,113.4 2 0
bitso-trading-platform/api-gateway/internal/middleware/circuit_breaker.go:113.9,115.4 1 0
bitso-trading-platform/api-gateway/internal/middleware/circuit_breaker.go:118.3,118.75 1 0
bitso-trading-platform/api-gateway/internal/middleware/circuit_breaker.go:123.79,128.13 4 0
bitso-trading-platform/api-gateway/internal/middleware/circuit_breaker.go:128.13,140.3 3 0
bitso-trading-platform/api-gateway/internal/middleware/circuit_breaker.go:142.2,142.16 1 0
bitso-trading-platform/api-gateway/internal/middleware/circuit_breaker.go:146.75,149.62 2 0
bitso-trading-platform/api-gateway/internal/middleware/circuit_breaker.go:149.62,151.3 1 0
bitso-trading-platform/api-gateway/internal/middleware/circuit_breaker.go:152.2,152.11 1 0
bitso-trading-platform/api-gateway/internal/middleware/circuit_breaker.go:156.47,162.18 4 0
bitso-trading-platform/api-gateway/internal/middleware/circuit_breaker.go:163.19,165.14 1 0
bitso-trading-platform/api-gateway/internal/middleware/circuit_breaker.go:167.17,169.54 1 0
bitso-trading-platform/api-gateway/internal/middleware/circuit_breaker.go:169.54,175.4 4 0
bitso-trading-platform/api-gateway/internal/middleware/circuit_breaker.go:176.3,176.15 1 0
bitso-trading-platform/api-gateway/internal/middleware/circuit_breaker.go:178.21,180.50 1 0
bitso-trading-platform/api-gateway/internal/middleware/circuit_breaker.go:180.50,183.4 2 0
bitso-trading-platform/api-gateway/internal/middleware/circuit_breaker.go:184.3,184.15 1 0
bitso-trading-platform/api-gateway/internal/middleware/circuit_breaker.go:186.10,187.14 1 0
bitso-trading-platform/api-gateway/internal/middleware/circuit_breaker.go:192.43,199.51 4 0
bitso-trading-platform/api-gateway/internal/middleware/circuit_breaker.go:199.51,201.3 1 0
bitso-trading-platform/api-gateway/internal/middleware/circuit_breaker.go:204.2,204.31 1 0
bitso-trading-platform/api-gateway/internal/middleware/circuit_breaker.go:204.31,208.3 3 0
bitso-trading-platform/api-gateway/internal/middleware/circuit_breaker.go:212.43,219.51 4 0
bitso-trading-platform/api-gateway/internal/middleware/circuit_breaker.go:219.51,221.3 1 0
bitso-trading-platform/api-gateway/internal/middleware/circuit_breaker.go:223.2,227.40 3 0
bitso-trading-platform/api-gateway/internal/middleware/circuit_breaker.go:227.40,228.28 1 0
bitso-trading-platform/api-gateway/internal/middleware/circuit_breaker.go:228.28,231.4 2 0
bitso-trading-platform/api-gateway/internal/middleware/circuit_breaker.go:236.51,240.2 3 0
bitso-trading-platform/api-gateway/internal/middleware/circuit_breaker.go:249.69,252.2 2 0
bitso-trading-platform/api-gateway/internal/middleware/cors.go:29.38,56.2 1 0
bitso-trading-platform/api-gateway/internal/middleware/cors.go:59.60,60.19 1 0
bitso-trading-platform/api-gateway/internal/middleware/cors.go:60.19,62.3 1 0
bitso-trading-platform/api-gateway/internal/middleware/cors.go:64.2,71.3 1 0
bitso-trading-platform/api-gateway/internal/middleware/cors.go:75.66,76.71 1 0
bitso-trading-platform/api-gateway/internal/middleware/cors.go:76.71,81.32 2 0
bitso-trading-platform/api-gateway/internal/middleware/cors.go:81.32,84.4 1 0
bitso-trading-platform/api-gateway/internal/middleware/cors.go:84.9,84.26 1 0
bitso-trading-platform/api-gateway/internal/middleware/cors.go:84.26,87.4 1 0
bitso-trading-platform/api-gateway/internal/middleware/cors.go:90.3,90.32 1 0
bitso-trading-platform/api-gateway/internal/middleware/cors.go:90.32,92.4 1 0
bitso-trading-platform/api-gateway/internal/middleware/cors.go:94.3,94.32 1 0
bitso-trading-platform/api-gateway/internal/middleware/cors.go:94.32,96.4 1 0
bitso-trading-platform/api-gateway/internal/middleware/cors.go:98.3,98.32 1 0
bitso-trading-platform/api-gateway/internal/middleware/cors.go:98.32,100.4 1 0
bitso-trading-platform/api-gateway/internal/middleware/cors.go:102.3,102.25 1 0
bitso-trading-platform/api-gateway/internal/middleware/cors.go:102.25,104.4 1 0
bitso-trading-platform/api-gateway/internal/middleware/cors.go:106.3,106.19 1 0
bitso-trading-platform/api-gateway/internal/middleware/cors.go:106.19,108.4 1 0
bitso-trading-platform/api-gateway/internal/middleware/cors.go:111.3,111.37 1 0
bitso-trading-platform/api-gateway/internal/middleware/cors.go:111.37,115.4 2 0
bitso-trading-platform/api-gateway/internal/middleware/cors.go:118.3,118.23 1 0
bitso-trading-platform/api-gateway/internal/middleware/cors.go:123.62,124.18 1 0
bitso-trading-platform/api-gateway/internal/middleware/cors.go:124.18,126.3 1 0
bitso-trading-platform/api-gateway/internal/middleware/cors.go:128.2,128.43 1 0
bitso-trading-platform/api-gateway/internal/middleware/cors.go:128.43,129.24 1 0
bitso-trading-platform/api-gateway/internal/middleware/cors.go:129.24,131.4 1 0
bitso-trading-platform/api-gateway/internal/middleware/cors.go:133.3,133.39 1 0
bitso-trading-platform/api-gateway/internal/middleware/cors.go:133.39,135.41 2 0
bitso-trading-platform/api-gateway/internal/middleware/cors.go:135.41,137.5 1 0
bitso-trading-platform/api-gateway/internal/middleware/cors.go:141.2,141.14 1 0
bitso-trading-platform/api-gateway/internal/middleware/cors.go:145.42,146.42 1 0
bitso-trading-platform/api-gateway/internal/middleware/cors.go:146.42,147.20 1 0
bitso-trading-platform/api-gateway/internal/middleware/cors.go:147.20,149.4 1 0
bitso-trading-platform/api-gateway/internal/middleware/cors.go:151.2,151.14 1 0
bitso-trading-platform/api-gateway/internal/middleware/logging.go:19.69,23.2 1 0
bitso-trading-platform/api-gateway/internal/middleware/logging.go:26.69,27.71 1 0
bitso-trading-platform/api-gateway/internal/middleware/logging.go:27.71,32.22 3 0
bitso-trading-platform/api-gateway/internal/middleware/logging.go:32.22,34.4 1 0
bitso-trading-platform/api-gateway/internal/middleware/logging.go:37.3,78.32 11 0
bitso-trading-platform/api-gateway/internal/middleware/logging.go:78.32,80.4 1 0
bitso-trading-platform/api-gateway/internal/middleware/logging.go:80.9,80.39 1 0
bitso-trading-platform/api-gateway/internal/middleware/logging.go:80.39,82.4 1 0
bitso-trading-platform/api-gateway/internal/middleware/logging.go:82.9,84.4 1 0
bitso-trading-platform/api-gateway/internal/middleware/logging.go:96.55,99.2 2 0
bitso-trading-platform/api-gateway/internal/middleware/logging.go:102.56,106.2 3 0
bitso-trading-platform/api-gateway/internal/middleware/logging.go:114.82,116.2 1 0
bitso-trading-platform/api-gateway/internal/middleware/logging.go:119.55,120.59 1 0
bitso-trading-platform/api-gateway/internal/middleware/logging.go:120.59,122.3 1 0
bitso-trading-platform/api-gateway/internal/middleware/logging.go:123.2,123.11 1 0
bitso-trading-platform/api-gateway/internal/middleware/metrics.go:17.81,21.2 1 0
bitso-trading-platform/api-gateway/internal/middleware/metrics.go:24.69,25.71 1 0
bitso-trading-platform/api-gateway/internal/middleware/metrics.go:25.71,33.26 4 0
bitso-trading-platform/api-gateway/internal/middleware/metrics.go:33.26,35.4 1 0
bitso-trading-platform/api-gateway/internal/middleware/metrics.go:38.3,59.23 5 0
bitso-trading-platform/api-gateway/internal/middleware/metrics.go:59.23,61.4 1 0
bitso-trading-platform/api-gateway/internal/middleware/metrics.go:73.62,76.2 2 0
bitso-trading-platform/api-gateway/internal/middleware/metrics.go:79.63,83.2 3 0
bitso-trading-platform/api-gateway/internal/middleware/rate_limiter.go:41.26,57.2 3 0
bitso-trading-platform/api-gateway/internal/middleware/rate_limiter.go:60.73,61.71 1 0
bitso-trading-platform/api-gateway/internal/middleware/rate_limiter.go:61.71,69.23 3 0
bitso-trading-platform/api-gateway/internal/middleware/rate_limiter.go:69.23,86.4 8 0
bitso-trading-platform/api-gateway/internal/middleware/rate_limiter.go:89.3,92.23 2 0
bitso-trading-platform/api-gateway/internal/middleware/rate_limiter.go:97.69,102.13 4 0
bitso-trading-platform/api-gateway/internal/middleware/rate_limiter.go:102.13,113.3 4 0
bitso-trading-platform/api-gateway/internal/middleware/rate_limiter.go:115.2,115.16 1 0
bitso-trading-platform/api-gateway/internal/middleware/rate_limiter.go:119.73,122.21 2 0
bitso-trading-platform/api-gateway/internal/middleware/rate_limiter.go:122.21,124.61 1 0
bitso-trading-platform/api-gateway/internal/middleware/rate_limiter.go:124.61,126.4 1 0
bitso-trading-platform/api-gateway/internal/middleware/rate_limiter.go:127.3,127.19 1 0
bitso-trading-platform/api-gateway/internal/middleware/rate_limiter.go:131.2,132.18 2 0
bitso-trading-platform/api-gateway/internal/middleware/rate_limiter.go:132.18,134.3 1 0
bitso-trading-platform/api-gateway/internal/middleware/rate_limiter.go:137.2,137.63 1 0
bitso-trading-platform/api-gateway/internal/middleware/rate_limiter.go:137.63,139.3 1 0
bitso-trading-platform/api-gateway/internal/middleware/rate_limiter.go:141.2,141.21 1 0
bitso-trading-platform/api-gateway/internal/middleware/rate_limiter.go:145.59,149.6 3 0
bitso-trading-platform/api-gateway/internal/middleware/rate_limiter.go:149.6,150.10 1 0
bitso-trading-platform/api-gateway/internal/middleware/rate_limiter.go:151.19,164.23 5 0
bitso-trading-platform/api-gateway/internal/middleware/rate_limiter.go:164.23,168.5 1 0
bitso-trading-platform/api-gateway/internal/middleware/rate_limiter.go:170.24,171.10 1 0
bitso-trading-platform/api-gateway/internal/middleware/rate_limiter.go:177.40,179.2 1 0
bitso-trading-platform/api-gateway/internal/middleware/recovery.go:17.71,21.2 1 0
bitso-trading-platform/api-gateway/internal/middleware/recovery.go:24.70,25.71 1 0
bitso-trading-platform/api-gateway/internal/middleware/recovery.go:25.71,26.16 1 0
bitso-trading-platform/api-gateway/internal/middleware/recovery.go:26.16,27.36 1 0
bitso-trading-platform/api-gateway/internal/middleware/recovery.go:27.36,41.5 4 0
bitso-trading-platform/api-gateway/internal/middleware/recovery.go:45.3,45.23 1 0
bitso-trading-platform/api-gateway/internal/middleware/timeout.go:18.92,23.2 1 0
bitso-trading-platform/api-gateway/internal/middleware/timeout.go:26.69,27.71 1 0
bitso-trading-platform/api-gateway/internal/middleware/timeout.go:27.71,42.13 5 0
bitso-trading-platform/api-gateway/internal/middleware/timeout.go:42.13,45.4 2 0
bitso-trading-platform/api-gateway/internal/middleware/timeout.go:48.3,48.10 1 0
bitso-trading-platform/api-gateway/internal/middleware/timeout.go:49.15,51.10 1 0
bitso-trading-platform/api-gateway/internal/middleware/timeout.go:53.21,55.45 1 0
bitso-trading-platform/api-gateway/internal/middleware/timeout.go:55.45,63.25 2 0
bitso-trading-platform/api-gateway/internal/middleware/timeout.go:63.25,67.6 3 0
bitso-trading-platform/api-gateway/internal/middleware/timeout.go:69.4,69.10 1 0
bitso-trading-platform/api-gateway/internal/middleware/timeout.go:81.62,82.17 1 0
bitso-trading-platform/api-gateway/internal/middleware/timeout.go:82.17,85.3 2 0
bitso-trading-platform/api-gateway/internal/middleware/timeout.go:89.63,92.2 2 0
bitso-trading-platform/api-gateway/internal/server/http_server.go:23.97,38.21 3 0
bitso-trading-platform/api-gateway/internal/server/http_server.go:38.21,56.3 2 0
bitso-trading-platform/api-gateway/internal/server/http_server.go:58.2,63.3 1 0
bitso-trading-platform/api-gateway/internal/server/http_server.go:67.55,72.12 2 0
bitso-trading-platform/api-gateway/internal/server/http_server.go:72.12,79.27 3 0
bitso-trading-platform/api-gateway/internal/server/http_server.go:79.27,82.4 1 0
bitso-trading-platform/api-gateway/internal/server/http_server.go:82.9,85.4 1 0
bitso-trading-platform/api-gateway/internal/server/http_server.go:87.3,87.48 1 0
bitso-trading-platform/api-gateway/internal/server/http_server.go:87.48,92.4 2 0
bitso-trading-platform/api-gateway/internal/server/http_server.go:96.2,96.9 1 0
bitso-trading-platform/api-gateway/internal/server/http_server.go:97.20,99.13 2 0
bitso-trading-platform/api-gateway/internal/server/http_server.go:100.24,101.51 1 0
bitso-trading-platform/api-gateway/internal/server/http_server.go:106.54,116.55 4 0
bitso-trading-platform/api-gateway/internal/server/http_server.go:116.55,121.3 2 0
bitso-trading-platform/api-gateway/internal/server/http_server.go:123.2,124.12 2 0
bitso-trading-platform/api-gateway/internal/server/http_server.go:128.39,130.2 1 0
bitso-trading-platform/api-gateway/internal/server/http_server.go:133.39,135.2 1 0
bitso-trading-platform/api-gateway/internal/validation/rules.go:22.38,23.16 1 0
bitso-trading-platform/api-gateway/internal/validation/rules.go:23.16,25.3 1 0
bitso-trading-platform/api-gateway/internal/validation/rules.go:27.2,27.34 1 0
bitso-trading-platform/api-gateway/internal/validation/rules.go:27.34,29.3 1 0
bitso-trading-platform/api-gateway/internal/validation/rules.go:31.2,31.12 1 0
bitso-trading-platform/api-gateway/internal/validation/rules.go:35.37,36.15 1 0
bitso-trading-platform/api-gateway/internal/validation/rules.go:36.15,38.3 1 0
bitso-trading-platform/api-gateway/internal/validation/rules.go:40.2,40.19 1 0
bitso-trading-platform/api-gateway/internal/validation/rules.go:40.19,42.3 1 0
bitso-trading-platform/api-gateway/internal/validation/rules.go:44.2,44.12 1 0
bitso-trading-platform/api-gateway/internal/validation/rules.go:48.39,49.16 1 0
bitso-trading-platform/api-gateway/internal/validation/rules.go:49.16,51.3 1 0
bitso-trading-platform/api-gateway/internal/validation/rules.go:53.2,53.12 1 0
bitso-trading-platform/api-gateway/internal/validation/rules.go:57.44,58.19 1 0
bitso-trading-platform/api-gateway/internal/validation/rules.go:58.19,60.3 1 0
bitso-trading-platform/api-gateway/internal/validation/rules.go:62.2,62.40 1 0
bitso-trading-platform/api-gateway/internal/validation/rules.go:62.40,64.3 1 0
bitso-trading-platform/api-gateway/internal/validation/rules.go:66.2,66.24 1 0
bitso-trading-platform/api-gateway/internal/validation/rules.go:66.24,68.3 1 0
bitso-trading-platform/api-gateway/internal/validation/rules.go:70.2,70.12 1 0
bitso-trading-platform/api-gateway/internal/validation/rules.go:74.44,75.18 1 0
bitso-trading-platform/api-gateway/internal/validation/rules.go:75.18,77.3 1 0
bitso-trading-platform/api-gateway/internal/validation/rules.go:79.2,79.12 1 0
bitso-trading-platform/api-gateway/internal/validation/rules.go:83.46,84.16 1 0
bitso-trading-platform/api-gateway/internal/validation/rules.go:84.16,86.3 1 0
bitso-trading-platform/api-gateway/internal/validation/rules.go:88.2,88.42 1 0
bitso-trading-platform/api-gateway/internal/validation/rules.go:88.42,90.3 1 0
bitso-trading-platform/api-gateway/internal/validation/rules.go:92.2,92.20 1 0
bitso-trading-platform/api-gateway/internal/validation/rules.go:92.20,94.3 1 0
bitso-trading-platform/api-gateway/internal/validation/rules.go:96.2,96.12 1 0
bitso-trading-platform/api-gateway/internal/validation/rules.go:100.52,101.38 1 0
bitso-trading-platform/api-gateway/internal/validation/rules.go:101.38,102.23 1 0
bitso-trading-platform/api-gateway/internal/validation/rules.go:102.23,104.4 1 0
bitso-trading-platform/api-gateway/internal/validation/rules.go:107.3,107.40 1 0
bitso-trading-platform/api-gateway/internal/validation/rules.go:107.40,109.4 1 0
bitso-trading-platform/api-gateway/internal/validation/rules.go:112.2,112.12 1 0
bitso-trading-platform/api-gateway/internal/validation/rules.go:116.42,117.18 1 0
bitso-trading-platform/api-gateway/internal/validation/rules.go:117.18,119.3 1 0
bitso-trading-platform/api-gateway/internal/validation/rules.go:121.2,134.28 2 0
bitso-trading-platform/api-gateway/internal/validation/rules.go:134.28,136.3 1 0
bitso-trading-platform/api-gateway/internal/validation/rules.go:138.2,138.12 1 0
bitso-trading-platform/api-gateway/internal/validation/rules.go:142.38,143.16 1 0
bitso-trading-platform/api-gateway/internal/validation/rules.go:143.16,145.3 1 0
bitso-trading-platform/api-gateway/internal/validation/rules.go:147.2,152.23 2 0
bitso-trading-platform/api-gateway/internal/validation/rules.go:152.23,154.3 1 0
bitso-trading-platform/api-gateway/internal/validation/rules.go:156.2,156.12 1 0
bitso-trading-platform/api-gateway/internal/validation/rules.go:160.44,161.17 1 0
bitso-trading-platform/api-gateway/internal/validation/rules.go:161.17,163.3 1 0
bitso-trading-platform/api-gateway/internal/validation/rules.go:165.2,170.25 2 0
bitso-trading-platform/api-gateway/internal/validation/rules.go:170.25,172.3 1 0
bitso-trading-platform/api-gateway/internal/validation/rules.go:174.2,174.12 1 0
bitso-trading-platform/api-gateway/internal/validation/rules.go:178.65,179.17 1 0
bitso-trading-platform/api-gateway/internal/validation/rules.go:179.17,181.3 1 0
bitso-trading-platform/api-gateway/internal/validation/rules.go:183.2,184.16 2 0
bitso-trading-platform/api-gateway/internal/validation/rules.go:184.16,186.3 1 0
bitso-trading-platform/api-gateway/internal/validation/rules.go:188.2,188.20 1 0
bitso-trading-platform/api-gateway/internal/validation/rules.go:192.53,193.17 1 0
bitso-trading-platform/api-gateway/internal/validation/rules.go:193.17,195.3 1 0
bitso-trading-platform/api-gateway/internal/validation/rules.go:197.2,198.16 2 0
bitso-trading-platform/api-gateway/internal/validation/rules.go:198.16,200.3 1 0
bitso-trading-platform/api-gateway/internal/validation/rules.go:202.2,202.20 1 0
bitso-trading-platform/api-gateway/internal/validation/rules.go:206.54,207.17 1 0
bitso-trading-platform/api-gateway/internal/validation/rules.go:207.17,209.3 1 0
bitso-trading-platform/api-gateway/internal/validation/rules.go:211.2,212.16 2 0
bitso-trading-platform/api-gateway/internal/validation/rules.go:212.16,214.3 1 0
bitso-trading-platform/api-gateway/internal/validation/rules.go:216.2,216.20 1 0
bitso-trading-platform/api-gateway/internal/validation/validator.go:18.53,22.2 1 0
bitso-trading-platform/api-gateway/internal/validation/validator.go:25.97,28.33 2 0
bitso-trading-platform/api-gateway/internal/validation/validator.go:28.33,32.35 2 0
bitso-trading-platform/api-gateway/internal/validation/validator.go:32.35,34.4 1 0
bitso-trading-platform/api-gateway/internal/validation/validator.go:37.3,37.36 1 0
bitso-trading-platform/api-gateway/internal/validation/validator.go:37.36,38.12 1 0
bitso-trading-platform/api-gateway/internal/validation/validator.go:42.3,42.28 1 0
bitso-trading-platform/api-gateway/internal/validation/validator.go:42.28,43.48 1 0
bitso-trading-platform/api-gateway/internal/validation/validator.go:43.48,45.5 1 0
bitso-trading-platform/api-gateway/internal/validation/validator.go:49.2,49.12 1 0
bitso-trading-platform/api-gateway/internal/validation/validator.go:53.77,56.91 2 0
bitso-trading-platform/api-gateway/internal/validation/validator.go:56.91,58.3 1 0
bitso-trading-platform/api-gateway/internal/validation/validator.go:61.2,62.16 2 0
bitso-trading-platform/api-gateway/internal/validation/validator.go:62.16,64.3 1 0
bitso-trading-platform/api-gateway/internal/validation/validator.go:65.2,68.20 2 0
bitso-trading-platform/api-gateway/internal/validation/validator.go:68.20,70.3 1 0
bitso-trading-platform/api-gateway/internal/validation/validator.go:73.2,73.53 1 0
bitso-trading-platform/api-gateway/internal/validation/validator.go:73.53,75.3 1 0
bitso-trading-platform/api-gateway/internal/validation/validator.go:77.2,77.12 1 0
bitso-trading-platform/api-gateway/internal/validation/validator.go:81.80,83.34 1 0
bitso-trading-platform/api-gateway/internal/validation/validator.go:83.34,85.3 1 0
bitso-trading-platform/api-gateway/internal/validation/validator.go:88.2,88.27 1 0
bitso-trading-platform/api-gateway/internal/validation/validator.go:88.27,89.47 1 0
bitso-trading-platform/api-gateway/internal/validation/validator.go:89.47,91.4 1 0
bitso-trading-platform/api-gateway/internal/validation/validator.go:94.2,94.12 1 0
bitso-trading-platform/api-gateway/internal/validation/validator.go:104.68,106.2 1 0
bitso-trading-platform/api-gateway/internal/router/router.go:17.47,23.2 1 0
bitso-trading-platform/api-gateway/internal/router/router.go:26.66,28.2 1 0
bitso-trading-platform/api-gateway/internal/router/router.go:31.42,33.2 1 0
bitso-trading-platform/api-gateway/internal/router/router.go:36.41,41.46 2 0
bitso-trading-platform/api-gateway/internal/router/router.go:41.46,43.3 1 0
bitso-trading-platform/api-gateway/internal/router/router.go:45.2,45.16 1 0
bitso-trading-platform/api-gateway/internal/router/router.go:49.71,51.2 1 0
bitso-trading-platform/api-gateway/internal/router/router.go:54.63,56.2 1 0
bitso-trading-platform/api-gateway/internal/router/router.go:59.98,61.44 1 0
bitso-trading-platform/api-gateway/internal/router/router.go:61.44,63.3 1 0
bitso-trading-platform/api-gateway/internal/router/router.go:64.2,64.10 1 0
bitso-trading-platform/api-gateway/internal/router/routes.go:17.11,41.27 9 0
bitso-trading-platform/api-gateway/internal/router/routes.go:41.27,49.3 2 0
bitso-trading-platform/api-gateway/internal/router/routes.go:52.2,52.32 1 0
bitso-trading-platform/api-gateway/internal/router/routes.go:52.32,60.3 2 0
bitso-trading-platform/api-gateway/internal/router/routes.go:63.2,63.22 1 0
bitso-trading-platform/api-gateway/internal/router/routes.go:63.22,70.3 2 0
bitso-trading-platform/api-gateway/internal/router/routes.go:72.2,79.15 2 0
bitso-trading-platform/api-gateway/internal/config/config.go:116.30,177.42 2 3
bitso-trading-platform/api-gateway/internal/config/config.go:177.42,179.3 1 1
bitso-trading-platform/api-gateway/internal/config/config.go:181.2,181.20 1 2
bitso-trading-platform/api-gateway/internal/config/config.go:185.35,187.26 1 9
bitso-trading-platform/api-gateway/internal/config/config.go:187.26,189.3 1 1
bitso-trading-platform/api-gateway/internal/config/config.go:190.2,190.51 1 8
bitso-trading-platform/api-gateway/internal/config/config.go:190.51,192.3 1 2
bitso-trading-platform/api-gateway/internal/config/config.go:195.2,195.35 1 6
bitso-trading-platform/api-gateway/internal/config/config.go:195.35,197.3 1 0
bitso-trading-platform/api-gateway/internal/config/config.go:198.2,198.40 1 6
bitso-trading-platform/api-gateway/internal/config/config.go:198.40,200.3 1 1
bitso-trading-platform/api-gateway/internal/config/config.go:201.2,201.41 1 5
bitso-trading-platform/api-gateway/internal/config/config.go:201.41,203.3 1 0
bitso-trading-platform/api-gateway/internal/config/config.go:206.2,206.27 1 5
bitso-trading-platform/api-gateway/internal/config/config.go:206.27,208.3 1 0
bitso-trading-platform/api-gateway/internal/config/config.go:209.2,209.29 1 5
bitso-trading-platform/api-gateway/internal/config/config.go:209.29,211.3 1 0
bitso-trading-platform/api-gateway/internal/config/config.go:212.2,212.29 1 5
bitso-trading-platform/api-gateway/internal/config/config.go:212.29,214.3 1 0
bitso-trading-platform/api-gateway/internal/config/config.go:217.2,217.25 1 5
bitso-trading-platform/api-gateway/internal/config/config.go:217.25,218.41 1 3
bitso-trading-platform/api-gateway/internal/config/config.go:218.41,220.4 1 0
bitso-trading-platform/api-gateway/internal/config/config.go:221.3,221.29 1 3
bitso-trading-platform/api-gateway/internal/config/config.go:221.29,223.4 1 0
bitso-trading-platform/api-gateway/internal/config/config.go:227.2,227.30 1 5
bitso-trading-platform/api-gateway/internal/config/config.go:227.30,228.38 1 3
bitso-trading-platform/api-gateway/internal/config/config.go:228.38,230.4 1 0
bitso-trading-platform/api-gateway/internal/config/config.go:231.3,231.36 1 3
bitso-trading-platform/api-gateway/internal/config/config.go:231.36,233.4 1 0
bitso-trading-platform/api-gateway/internal/config/config.go:237.2,241.55 2 5
bitso-trading-platform/api-gateway/internal/config/config.go:241.55,243.3 1 1
bitso-trading-platform/api-gateway/internal/config/config.go:245.2,246.40 2 4
bitso-trading-platform/api-gateway/internal/config/config.go:246.40,248.3 1 0
bitso-trading-platform/api-gateway/internal/config/config.go:251.2,251.19 1 4
bitso-trading-platform/api-gateway/internal/config/config.go:251.19,252.27 1 1
bitso-trading-platform/api-gateway/internal/config/config.go:252.27,254.4 1 1
bitso-trading-platform/api-gateway/internal/config/config.go:255.3,255.26 1 0
bitso-trading-platform/api-gateway/internal/config/config.go:255.26,257.4 1 0
bitso-trading-platform/api-gateway/internal/config/config.go:261.2,261.23 1 3
bitso-trading-platform/api-gateway/internal/config/config.go:261.23,262.52 1 3
bitso-trading-platform/api-gateway/internal/config/config.go:262.52,264.4 1 0
bitso-trading-platform/api-gateway/internal/config/config.go:267.2,267.12 1 3
bitso-trading-platform/api-gateway/internal/config/config.go:273.46,274.42 1 128
bitso-trading-platform/api-gateway/internal/config/config.go:274.42,276.3 1 22
bitso-trading-platform/api-gateway/internal/config/config.go:277.2,277.21 1 106
bitso-trading-platform/api-gateway/internal/config/config.go:281.52,283.20 2 30
bitso-trading-platform/api-gateway/internal/config/config.go:283.20,285.3 1 25
bitso-trading-platform/api-gateway/internal/config/config.go:287.2,288.16 2 5
bitso-trading-platform/api-gateway/internal/config/config.go:288.16,290.3 1 1
bitso-trading-platform/api-gateway/internal/config/config.go:292.2,292.14 1 4
bitso-trading-platform/api-gateway/internal/config/config.go:296.55,298.20 2 27
bitso-trading-platform/api-gateway/internal/config/config.go:298.20,300.3 1 20
bitso-trading-platform/api-gateway/internal/config/config.go:302.2,303.16 2 7
bitso-trading-platform/api-gateway/internal/config/config.go:303.16,305.22 1 1
bitso-trading-platform/api-gateway/internal/config/config.go:305.22,307.4 1 0
bitso-trading-platform/api-gateway/internal/config/config.go:308.3,308.22 1 1
bitso-trading-platform/api-gateway/internal/config/config.go:308.22,310.4 1 0
bitso-trading-platform/api-gateway/internal/config/config.go:311.3,311.22 1 1
bitso-trading-platform/api-gateway/internal/config/config.go:314.2,314.14 1 6
bitso-trading-platform/api-gateway/internal/config/config.go:318.77,320.20 2 24
bitso-trading-platform/api-gateway/internal/config/config.go:320.20,322.3 1 21
bitso-trading-platform/api-gateway/internal/config/config.go:324.2,325.16 2 3
bitso-trading-platform/api-gateway/internal/config/config.go:325.16,327.3 1 1
bitso-trading-platform/api-gateway/internal/config/config.go:329.2,329.17 1 2
